// Jest Snapshot v1, https://goo.gl/fbAQLP

exports[`CategoryFilter renders correctly 1`] = `
Object {
  "asFragment": [Function],
  "baseElement": .c1 {
  display: block;
  border-radius: 4px;
  border: var(--border-darkgrey);
  color: var(--lightyellow-90);
  background: var(--lightgrey-main);
}

.c2 {
  display: block;
  border-radius: 4px;
  border: var(--border-darkgrey);
  font-size: 112.5%;
  color: var(--lightyellow-90);
  background: var(--lightgrey-main);
}

.c3 {
  display: block;
  border-radius: 4px;
  border: var(--border-darkgrey);
  font-size: 112.5%;
  color: var(--lightyellow-90);
  background: var(--darkgrey-75);
}

.c4 {
  display: block;
  border-radius: 4px;
  border: var(--border-darkgrey);
  font-size: 112.5%;
  color: var(--lightyellow-90);
  background: var(--darkbrown-70);
}

.c5 {
  display: block;
  border-radius: 4px;
  border: var(--border-darkgrey);
  font-size: 112.5%;
  color: var(--lightyellow-90);
  background: var(--blue-70);
}

.c6 {
  display: block;
  border-radius: 4px;
  border: var(--border-darkgrey);
  font-size: 112.5%;
  color: var(--lightyellow-90);
  background: var(--lightbrown-70);
}

.c0 {
  margin: 5px;
}

<body>
    <div>
      <div
        class="c0"
      >
        <select
          class="c1"
          id="category"
          name="all,metal,medieval,holiday,other"
        >
          <option
            class="c2"
          >
            all
          </option>
          <option
            class="c3"
          >
            metal
          </option>
          <option
            class="c4"
          >
            medieval
          </option>
          <option
            class="c5"
          >
            holiday
          </option>
          <option
            class="c6"
          >
            other
          </option>
        </select>
      </div>
    </div>
  </body>,
  "container": <div>
    <div
      class="CategoryFilter__FilterContainer-rogkyz-0 fmiTmv"
    >
      <select
        class="SelectCategory__SelectStyled-sc-1n16935-0 kPEDeF"
        id="category"
        name="all,metal,medieval,holiday,other"
      >
        <option
          class="SelectCategory__OptionStyled-sc-1n16935-1 kGYOSt"
        >
          all
        </option>
        <option
          class="SelectCategory__OptionStyled-sc-1n16935-1 JZlKi"
        >
          metal
        </option>
        <option
          class="SelectCategory__OptionStyled-sc-1n16935-1 eTyMJM"
        >
          medieval
        </option>
        <option
          class="SelectCategory__OptionStyled-sc-1n16935-1 kSaATc"
        >
          holiday
        </option>
        <option
          class="SelectCategory__OptionStyled-sc-1n16935-1 gxfQXm"
        >
          other
        </option>
      </select>
    </div>
  </div>,
  "debug": [Function],
  "findAllByAltText": [Function],
  "findAllByDisplayValue": [Function],
  "findAllByLabelText": [Function],
  "findAllByPlaceholderText": [Function],
  "findAllByRole": [Function],
  "findAllByTestId": [Function],
  "findAllByText": [Function],
  "findAllByTitle": [Function],
  "findByAltText": [Function],
  "findByDisplayValue": [Function],
  "findByLabelText": [Function],
  "findByPlaceholderText": [Function],
  "findByRole": [Function],
  "findByTestId": [Function],
  "findByText": [Function],
  "findByTitle": [Function],
  "getAllByAltText": [Function],
  "getAllByDisplayValue": [Function],
  "getAllByLabelText": [Function],
  "getAllByPlaceholderText": [Function],
  "getAllByRole": [Function],
  "getAllByTestId": [Function],
  "getAllByText": [Function],
  "getAllByTitle": [Function],
  "getByAltText": [Function],
  "getByDisplayValue": [Function],
  "getByLabelText": [Function],
  "getByPlaceholderText": [Function],
  "getByRole": [Function],
  "getByTestId": [Function],
  "getByText": [Function],
  "getByTitle": [Function],
  "queryAllByAltText": [Function],
  "queryAllByDisplayValue": [Function],
  "queryAllByLabelText": [Function],
  "queryAllByPlaceholderText": [Function],
  "queryAllByRole": [Function],
  "queryAllByTestId": [Function],
  "queryAllByText": [Function],
  "queryAllByTitle": [Function],
  "queryByAltText": [Function],
  "queryByDisplayValue": [Function],
  "queryByLabelText": [Function],
  "queryByPlaceholderText": [Function],
  "queryByRole": [Function],
  "queryByTestId": [Function],
  "queryByText": [Function],
  "queryByTitle": [Function],
  "rerender": [Function],
  "unmount": [Function],
}
`;
