// Jest Snapshot v1, https://goo.gl/fbAQLP

exports[`PackList renders correctly 1`] = `
Object {
  "asFragment": [Function],
  "baseElement": .c0 {
  width: 40px;
  height: auto;
  margin: 7px 4px;
}

.c1 {
  text-align: center;
}

<body>
    <div>
      <header>
        <h1>
          No PackList
        </h1>
        <button
          class="PacklistPage__EditButton-t2ih9w-1"
        >
          <img
            alt="edit"
            class="c0"
            src="editIcon.svg"
          />
        </button>
      </header>
      <main>
        
        <p
          class="c1"
        >
          There is no packlist added to this event
        </p>
      </main>
      <footer>
        <button
          type="button"
        >
          <img
            alt="back"
            src="backIcon.svg"
          />
        </button>
      </footer>
    </div>
  </body>,
  "container": <div>
    <header>
      <h1>
        No PackList
      </h1>
      <button
        class="PacklistPage__EditButton-t2ih9w-1"
      >
        <img
          alt="edit"
          class="PacklistPage__EditImg-t2ih9w-0 fORUOQ"
          src="editIcon.svg"
        />
      </button>
    </header>
    <main>
      
      <p
        class="PacklistPage__NoPacklistText-t2ih9w-2 bFfQZL"
      >
        There is no packlist added to this event
      </p>
    </main>
    <footer>
      <button
        type="button"
      >
        <img
          alt="back"
          src="backIcon.svg"
        />
      </button>
    </footer>
  </div>,
  "debug": [Function],
  "findAllByAltText": [Function],
  "findAllByDisplayValue": [Function],
  "findAllByLabelText": [Function],
  "findAllByPlaceholderText": [Function],
  "findAllByRole": [Function],
  "findAllByTestId": [Function],
  "findAllByText": [Function],
  "findAllByTitle": [Function],
  "findByAltText": [Function],
  "findByDisplayValue": [Function],
  "findByLabelText": [Function],
  "findByPlaceholderText": [Function],
  "findByRole": [Function],
  "findByTestId": [Function],
  "findByText": [Function],
  "findByTitle": [Function],
  "getAllByAltText": [Function],
  "getAllByDisplayValue": [Function],
  "getAllByLabelText": [Function],
  "getAllByPlaceholderText": [Function],
  "getAllByRole": [Function],
  "getAllByTestId": [Function],
  "getAllByText": [Function],
  "getAllByTitle": [Function],
  "getByAltText": [Function],
  "getByDisplayValue": [Function],
  "getByLabelText": [Function],
  "getByPlaceholderText": [Function],
  "getByRole": [Function],
  "getByTestId": [Function],
  "getByText": [Function],
  "getByTitle": [Function],
  "queryAllByAltText": [Function],
  "queryAllByDisplayValue": [Function],
  "queryAllByLabelText": [Function],
  "queryAllByPlaceholderText": [Function],
  "queryAllByRole": [Function],
  "queryAllByTestId": [Function],
  "queryAllByText": [Function],
  "queryAllByTitle": [Function],
  "queryByAltText": [Function],
  "queryByDisplayValue": [Function],
  "queryByLabelText": [Function],
  "queryByPlaceholderText": [Function],
  "queryByRole": [Function],
  "queryByTestId": [Function],
  "queryByText": [Function],
  "queryByTitle": [Function],
  "rerender": [Function],
  "unmount": [Function],
}
`;
